---
source: crates/components/tests/components.rs
expression: "view_snapshot(c.as_mut(), &store, &th, size)"
---
size: 38x8
tier: sparks
view:
  stack:
    children:
      - - Len(1)
        - text:
            - - bold: false
                role: Ok
                s: ●
              - bold: false
                role: TextMuted
                s: " eno1 "
              - bold: false
                role: AccentPrimary
                s: "↓ "
              - bold: true
                role: Text
                s: 9.3M
              - bold: false
                role: AccentSecondary
                s: "  ↑ "
              - bold: true
                role: Text
                s: 632k
              - bold: false
                role: TextMuted
                s: "  1 Gb/s"
      - - Fill(1)
        - sparkline:
            gradient: NetRx
            max: ~
            n: 38
            series:
              - 8237760
              - 9657472
              - 10852864
              - 11236352
              - 10889536
              - 10209088
              - 8947968
              - 7277696
              - 5676096
              - 4046080
              - 2963008
              - 2180416
              - 2145728
              - 2818560
              - 3941056
              - 5464512
              - 7111424
              - 8822528
              - 10226880
              - 11253376
              - 10649344
              - 9843968
              - 8179968
              - 6545728
              - 5115520
              - 3617664
              - 2580800
              - 2129216
              - 2440960
              - 3103744
              - 4507648
              - 6021632
              - 7699584
              - 9265920
              - 10545280
              - 11131712
              - 10942144
              - 10591744
      - - Fill(1)
        - sparkline:
            gradient: NetRx
            max: ~
            n: 38
            series:
              - 562624
              - 651072
              - 727296
              - 740992
              - 725312
              - 685632
              - 586176
              - 490944
              - 381312
              - 278272
              - 188288
              - 163008
              - 163712
              - 191360
              - 270464
              - 381440
              - 491456
              - 590592
              - 684800
              - 748096
              - 726592
              - 647424
              - 566016
              - 456000
              - 334144
              - 246080
              - 176448
              - 156288
              - 161792
              - 218432
              - 303680
              - 409408
              - 520960
              - 633536
              - 700416
              - 737856
              - 748160
              - 712512
    dir: V
