---
source: crates/components/tests/components.rs
assertion_line: 81
expression: "view_snapshot(s.as_mut(), &store, &th, size)"
---
size: 38x8
tier: list
view:
  text:
    - - bold: false
        role: Text
        s: audio
      - bold: false
        role: TextGhost
        s: " "
      - bold: false
        role: Info
        s: starting
    - - bold: false
        role: Text
        s: cpu
      - bold: false
        role: TextGhost
        s: " "
      - bold: false
        role: Info
        s: starting
    - - bold: false
        role: Text
        s: gpu
      - bold: false
        role: TextGhost
        s: " "
      - bold: false
        role: Info
        s: starting
    - - bold: false
        role: Text
        s: pins
      - bold: false
        role: TextGhost
        s: " "
      - bold: false
        role: Info
        s: starting
    - - bold: false
        role: Text
        s: sensors
      - bold: false
        role: TextGhost
        s: " "
      - bold: false
        role: Info
        s: starting
