---
source: crates/components/tests/components.rs
expression: "gridwatch_ui::dump::cells(&buf)"
---
[#a6adc8/-/NONE]CPU[-/-/NONE] [#a6adc8/-/NONE][[#a6e3a1/-/NONE]|||||||||||||||||[#f38ba8/-/NONE]||||[#313244/-/NONE]                           [#a6adc8/-/NONE]][-/-/NONE] [#cdd6f4/-/NONE]44.6%[-/-/NONE]  [#a6adc8/-/NONE]MEM[-/-/NONE] [#a6adc8/-/NONE][[#a6e3a1/-/NONE]||||||||[#cba6f7/-/NONE]|[#f9e2af/-/NONE]|||||||||[#313244/-/NONE]                        [#a6adc8/-/NONE]][-/-/NONE] [#cdd6f4/-/NONE]17.6G/91.0G
[-/-/NONE]                                                              [#a6adc8/-/NONE]SWP[-/-/NONE] [#a6adc8/-/NONE][[#313244/-/NONE]                                          [#a6adc8/-/NONE]][-/-/NONE] [#cdd6f4/-/NONE]0.00K/16.0G
[-/-/NONE]                                                              [#cdd6f4/-/NONE]207, 1792 thr, 431 kthr; 4 running[-/-/NONE]                          
[-/-/NONE] [#f5e2ae/-/NONE]▂[-/-/NONE] [#f9ddab/-/NONE]▄[#f9dba9/-/NONE]▄[-/-/NONE] [#f9d9a7/-/NONE]▅▅[-/-/NONE] [#f9d6a5/-/NONE]▅▅[-/-/NONE] [#f9d4a3/-/NONE]▆▆[-/-/NONE] [#f9d6a5/-/NONE]▅▅[-/-/NONE] [#f9d4a3/-/NONE]▆▆[-/-/NONE] [#f9d4a3/-/NONE]▆▆[-/-/NONE] [#f9d4a3/-/NONE]▆[#fad2a1/-/NONE]▆[-/-/NONE] [#fad2a1/-/NONE]▆▆[-/-/NONE] [#fad2a1/-/NONE]▆[#f9d4a3/-/NONE]▆[-/-/NONE] [#fad2a1/-/NONE]▆▆[-/-/NONE] [#f9d4a3/-/NONE]▆[#fad2a1/-/NONE]▆[-/-/NONE] [#f9d4a3/-/NONE]▆▆[-/-/NONE] [#f9d4a3/-/NONE]▆[#fad2a1/-/NONE]▆[-/-/NONE] [#fad2a1/-/NONE]▆▆[-/-/NONE] [#fad09f/-/NONE]▇[#fad2a1/-/NONE]▆[-/-/NONE] [#fad09f/-/NONE]▇[#fad2a1/-/NONE]▆[-/-/NONE] [#fad2a1/-/NONE]▆▆[-/-/NONE] [#fad2a1/-/NONE]▆[#fad09f/-/NONE]▇[-/-/NONE]   [#a6adc8/-/NONE]load [#cdd6f4/-/NONE]4.57 4.25 3.57[#313244/-/NONE] · [#a6adc8/-/NONE]up [#cdd6f4/-/NONE]3d 06:01[-/-/NONE]                           
[-/-/NONE] [#f5e2ae/-/NONE]█[-/-/NONE] [#f9ddab/-/NONE]█[#f9dba9/-/NONE]█[-/-/NONE] [#f9d9a7/-/NONE]██[-/-/NONE] [#f9d6a5/-/NONE]██[-/-/NONE] [#f9d4a3/-/NONE]██[-/-/NONE] [#f9d6a5/-/NONE]██[-/-/NONE] [#f9d4a3/-/NONE]██[-/-/NONE] [#f9d4a3/-/NONE]██[-/-/NONE] [#f9d4a3/-/NONE]█[#fad2a1/-/NONE]█[-/-/NONE] [#fad2a1/-/NONE]██[-/-/NONE] [#fad2a1/-/NONE]█[#f9d4a3/-/NONE]█[-/-/NONE] [#fad2a1/-/NONE]██[-/-/NONE] [#f9d4a3/-/NONE]█[#fad2a1/-/NONE]█[-/-/NONE] [#f9d4a3/-/NONE]██[-/-/NONE] [#f9d4a3/-/NONE]█[#fad2a1/-/NONE]█[-/-/NONE] [#fad2a1/-/NONE]██[-/-/NONE] [#fad09f/-/NONE]█[#fad2a1/-/NONE]█[-/-/NONE] [#fad09f/-/NONE]█[#fad2a1/-/NONE]█[-/-/NONE] [#fad2a1/-/NONE]██[-/-/NONE] [#fad2a1/-/NONE]█[#fad09f/-/NONE]█[-/-/NONE]   [#a6adc8/-/NONE]PSI cpu [#cdd6f4/-/NONE]1.43[#313244/-/NONE] · [#a6adc8/-/NONE]mem [#cdd6f4/-/NONE]0.29[#313244/-/NONE] · [#a6adc8/-/NONE]io [#cdd6f4/-/NONE]1.18[-/-/NONE]                           
[#94e2d5/-/BOLD]CCD0[#313244/-/NONE]  [#a6adc8/-/NONE]4.9 GHz[#313244/-/NONE]  [#a6adc8/-/NONE]62.3 °C[-/-/NONE]                                       [#94e2d5/-/BOLD]CCD1[#313244/-/NONE]  [#a6adc8/-/NONE]5.4 GHz[#313244/-/NONE]  [#a6adc8/-/NONE]55.3 °C[-/-/NONE]                                       
[-/-/NONE]                                                                                                                          
[-/-/NONE]                                          [#f5989e/-/NONE]▄▄[-/-/NONE]                                                                              
[-/-/NONE]          [#f7a495/-/NONE]▃▃[-/-/NONE]     [#f69e99/-/NONE]▇▇[-/-/NONE]  [#f7a495/-/NONE]▃▃[-/-/NONE]        [#f7a495/-/NONE]▃▃[-/-/NONE]     [#f7a296/-/NONE]▄▄[-/-/NONE]  [#f5989e/-/NONE]██[-/-/NONE]                                                                              
[-/-/NONE]       [#f9ad8c/-/NONE]▃▃[-/-/NONE] [#f7a495/-/NONE]██[-/-/NONE]  [#f9ad8c/-/NONE]▃▃[-/-/NONE] [#f69e99/-/NONE]██[-/-/NONE]  [#f7a495/-/NONE]██[-/-/NONE] [#f9af8a/-/NONE]▁▁[-/-/NONE]     [#f7a495/-/NONE]██[-/-/NONE]     [#f7a296/-/NONE]██[-/-/NONE]  [#f5989e/-/NONE]██[-/-/NONE] [#f7a693/-/NONE]██[-/-/NONE]     [#f8a990/-/NONE]▆▆[-/-/NONE]                                                                    
[#fab78a/-/NONE]▂▂[-/-/NONE] [#fab588/-/NONE]▄▄[-/-/NONE]  [#f9ad8c/-/NONE]██[-/-/NONE] [#f7a495/-/NONE]██[-/-/NONE]  [#f9ad8c/-/NONE]██[-/-/NONE] [#f69e99/-/NONE]██[-/-/NONE]  [#f7a495/-/NONE]██[-/-/NONE] [#f9af8a/-/NONE]██[-/-/NONE]     [#f7a495/-/NONE]██[-/-/NONE]     [#f7a296/-/NONE]██[-/-/NONE]  [#f5989e/-/NONE]██[-/-/NONE] [#f7a693/-/NONE]██[-/-/NONE]  [#f9af8a/-/NONE]██[-/-/NONE] [#f8a990/-/NONE]██[-/-/NONE]                                                                    
[#fab78a/-/NONE]██[-/-/NONE] [#fab588/-/NONE]██[-/-/NONE]  [#f9ad8c/-/NONE]██[-/-/NONE] [#f7a495/-/NONE]██[-/-/NONE]  [#f9ad8c/-/NONE]██[-/-/NONE] [#f69e99/-/NONE]██[-/-/NONE]  [#f7a495/-/NONE]██[-/-/NONE] [#f9af8a/-/NONE]██[-/-/NONE]  [#fac092/-/NONE]▄▄[-/-/NONE] [#f7a495/-/NONE]██[-/-/NONE]  [#fabe90/-/NONE]▆▆[-/-/NONE] [#f7a296/-/NONE]██[-/-/NONE]  [#f5989e/-/NONE]██[-/-/NONE] [#f7a693/-/NONE]██[-/-/NONE]  [#f9af8a/-/NONE]██[-/-/NONE] [#f8a990/-/NONE]██[-/-/NONE]                                                                    
[#fab78a/-/NONE]██[-/-/NONE] [#fab588/-/NONE]██[-/-/NONE]  [#f9ad8c/-/NONE]██[-/-/NONE] [#f7a495/-/NONE]██[-/-/NONE]  [#f9ad8c/-/NONE]██[-/-/NONE] [#f69e99/-/NONE]██[-/-/NONE]  [#f7a495/-/NONE]██[-/-/NONE] [#f9af8a/-/NONE]██[-/-/NONE]  [#fac092/-/NONE]██[-/-/NONE] [#f7a495/-/NONE]██[-/-/NONE]  [#fabe90/-/NONE]██[-/-/NONE] [#f7a296/-/NONE]██[-/-/NONE]  [#f5989e/-/NONE]██[-/-/NONE] [#f7a693/-/NONE]██[-/-/NONE]  [#f9af8a/-/NONE]██[-/-/NONE] [#f8a990/-/NONE]██[-/-/NONE]                                                                    
[#fab78a/-/NONE]██[-/-/NONE] [#fab588/-/NONE]██[-/-/NONE]  [#f9ad8c/-/NONE]██[-/-/NONE] [#f7a495/-/NONE]██[-/-/NONE]  [#f9ad8c/-/NONE]██[-/-/NONE] [#f69e99/-/NONE]██[-/-/NONE]  [#f7a495/-/NONE]██[-/-/NONE] [#f9af8a/-/NONE]██[-/-/NONE]  [#fac092/-/NONE]██[-/-/NONE] [#f7a495/-/NONE]██[-/-/NONE]  [#fabe90/-/NONE]██[-/-/NONE] [#f7a296/-/NONE]██[-/-/NONE]  [#f5989e/-/NONE]██[-/-/NONE] [#f7a693/-/NONE]██[-/-/NONE]  [#f9af8a/-/NONE]██[-/-/NONE] [#f8a990/-/NONE]██[-/-/NONE]                                                                    
[#fab78a/-/NONE]██[-/-/NONE] [#fab588/-/NONE]██[-/-/NONE]  [#f9ad8c/-/NONE]██[-/-/NONE] [#f7a495/-/NONE]██[-/-/NONE]  [#f9ad8c/-/NONE]██[-/-/NONE] [#f69e99/-/NONE]██[-/-/NONE]  [#f7a495/-/NONE]██[-/-/NONE] [#f9af8a/-/NONE]██[-/-/NONE]  [#fac092/-/NONE]██[-/-/NONE] [#f7a495/-/NONE]██[-/-/NONE]  [#fabe90/-/NONE]██[-/-/NONE] [#f7a296/-/NONE]██[-/-/NONE]  [#f5989e/-/NONE]██[-/-/NONE] [#f7a693/-/NONE]██[-/-/NONE]  [#f9af8a/-/NONE]██[-/-/NONE] [#f8a990/-/NONE]██[-/-/NONE]                                          [#f5e2ae/-/NONE]▁▁[-/-/NONE]                        
[#fab78a/-/NONE]██[-/-/NONE] [#fab588/-/NONE]██[-/-/NONE]  [#f9ad8c/-/NONE]██[-/-/NONE] [#f7a495/-/NONE]██[-/-/NONE]  [#f9ad8c/-/NONE]██[-/-/NONE] [#f69e99/-/NONE]██[-/-/NONE]  [#f7a495/-/NONE]██[-/-/NONE] [#f9af8a/-/NONE]██[-/-/NONE]  [#fac092/-/NONE]██[-/-/NONE] [#f7a495/-/NONE]██[-/-/NONE]  [#fabe90/-/NONE]██[-/-/NONE] [#f7a296/-/NONE]██[-/-/NONE]  [#f5989e/-/NONE]██[-/-/NONE] [#f7a693/-/NONE]██[-/-/NONE]  [#f9af8a/-/NONE]██[-/-/NONE] [#f8a990/-/NONE]██[-/-/NONE]                                          [#f5e2ae/-/NONE]██[-/-/NONE]                        
[#fab78a/-/NONE]██[-/-/NONE] [#fab588/-/NONE]██[-/-/NONE]  [#f9ad8c/-/NONE]██[-/-/NONE] [#f7a495/-/NONE]██[-/-/NONE]  [#f9ad8c/-/NONE]██[-/-/NONE] [#f69e99/-/NONE]██[-/-/NONE]  [#f7a495/-/NONE]██[-/-/NONE] [#f9af8a/-/NONE]██[-/-/NONE]  [#fac092/-/NONE]██[-/-/NONE] [#f7a495/-/NONE]██[-/-/NONE]  [#fabe90/-/NONE]██[-/-/NONE] [#f7a296/-/NONE]██[-/-/NONE]  [#f5989e/-/NONE]██[-/-/NONE] [#f7a693/-/NONE]██[-/-/NONE]  [#f9af8a/-/NONE]██[-/-/NONE] [#f8a990/-/NONE]██[-/-/NONE]          [#dbe2a9/-/NONE]▅▅[-/-/NONE]  [#dbe2a9/-/NONE]▅▅[-/-/NONE]        [#d3e3a8/-/NONE]▃▃[-/-/NONE]  [#dfe2aa/-/NONE]▇▇[-/-/NONE]     [#cfe3a7/-/NONE]▁▁[-/-/NONE] [#dfe2aa/-/NONE]▇▇[-/-/NONE]  [#f5e2ae/-/NONE]██[-/-/NONE]     [#d3e3a8/-/NONE]▂▂[-/-/NONE] [#d7e2a8/-/NONE]▃▃[-/-/NONE]              
[#fab78a/-/NONE]██[-/-/NONE] [#fab588/-/NONE]██[-/-/NONE]  [#f9ad8c/-/NONE]██[-/-/NONE] [#f7a495/-/NONE]██[-/-/NONE]  [#f9ad8c/-/NONE]██[-/-/NONE] [#f69e99/-/NONE]██[-/-/NONE]  [#f7a495/-/NONE]██[-/-/NONE] [#f9af8a/-/NONE]██[-/-/NONE]  [#fac092/-/NONE]██[-/-/NONE] [#f7a495/-/NONE]██[-/-/NONE]  [#fabe90/-/NONE]██[-/-/NONE] [#f7a296/-/NONE]██[-/-/NONE]  [#f5989e/-/NONE]██[-/-/NONE] [#f7a693/-/NONE]██[-/-/NONE]  [#f9af8a/-/NONE]██[-/-/NONE] [#f8a990/-/NONE]██[-/-/NONE]       [#c3e3a5/-/NONE]▄▄[-/-/NONE] [#dbe2a9/-/NONE]██[-/-/NONE]  [#dbe2a9/-/NONE]██[-/-/NONE] [#cfe3a7/-/NONE]██[-/-/NONE]  [#bfe3a4/-/NONE]▂▂[-/-/NONE] [#d3e3a8/-/NONE]██[-/-/NONE]  [#dfe2aa/-/NONE]██[-/-/NONE] [#cbe3a6/-/NONE]▇▇[-/-/NONE]  [#cfe3a7/-/NONE]██[-/-/NONE] [#dfe2aa/-/NONE]██[-/-/NONE]  [#f5e2ae/-/NONE]██[-/-/NONE]     [#d3e3a8/-/NONE]██[-/-/NONE] [#d7e2a8/-/NONE]██[-/-/NONE]  [#bfe3a4/-/NONE]▂▂[-/-/NONE]          
[#fab78a/-/NONE]██[-/-/NONE] [#fab588/-/NONE]██[-/-/NONE]  [#f9ad8c/-/NONE]██[-/-/NONE] [#f7a495/-/NONE]██[-/-/NONE]  [#f9ad8c/-/NONE]██[-/-/NONE] [#f69e99/-/NONE]██[-/-/NONE]  [#f7a495/-/NONE]██[-/-/NONE] [#f9af8a/-/NONE]██[-/-/NONE]  [#fac092/-/NONE]██[-/-/NONE] [#f7a495/-/NONE]██[-/-/NONE]  [#fabe90/-/NONE]██[-/-/NONE] [#f7a296/-/NONE]██[-/-/NONE]  [#f5989e/-/NONE]██[-/-/NONE] [#f7a693/-/NONE]██[-/-/NONE]  [#f9af8a/-/NONE]██[-/-/NONE] [#f8a990/-/NONE]██[-/-/NONE]       [#c3e3a5/-/NONE]██[-/-/NONE] [#dbe2a9/-/NONE]██[-/-/NONE]  [#dbe2a9/-/NONE]██[-/-/NONE] [#cfe3a7/-/NONE]██[-/-/NONE]  [#bfe3a4/-/NONE]██[-/-/NONE] [#d3e3a8/-/NONE]██[-/-/NONE]  [#dfe2aa/-/NONE]██[-/-/NONE] [#cbe3a6/-/NONE]██[-/-/NONE]  [#cfe3a7/-/NONE]██[-/-/NONE] [#dfe2aa/-/NONE]██[-/-/NONE]  [#f5e2ae/-/NONE]██[-/-/NONE] [#bbe3a4/-/NONE]██[-/-/NONE]  [#d3e3a8/-/NONE]██[-/-/NONE] [#d7e2a8/-/NONE]██[-/-/NONE]  [#bfe3a4/-/NONE]██[-/-/NONE] [#aee3a2/-/NONE]▃▃[-/-/NONE]       
[#a6adc8/-/NONE]  0      1      2      3      4      5      6      7  [-/-/NONE]       [#a6adc8/-/NONE]  8      9     10     11     12     13     14     15  [-/-/NONE]       
[#cdd6f4/-/REVERSED]    PID[-/-/NONE] [#cdd6f4/-/REVERSED]  RES[-/-/NONE] [#cdd6f4/-/REVERSED]  SHR[-/-/NONE] [#cdd6f4/-/REVERSED]S[-/-/NONE] [#cdd6f4/-/REVERSED]  CPU%▽MEM%[-/-/NONE] [#cdd6f4/-/REVERSED]   TIME+[-/-/NONE] [#cdd6f4/-/REVERSED]Command                                                                        
[#cdd6f4/-/NONE] 555555[-/-/NONE] [#a6e3a1/-/NONE]1[#89dceb/-/NONE]123M[-/-/NONE] [#89dceb/-/NONE]88[#cdd6f4/-/NONE]000[-/-/NONE] [#a6e3a1/-/NONE]R[-/-/NONE] [#94e2d5/-/NONE]1971.4[-/-/NONE] [#cdd6f4/-/NONE] 1.2[-/-/NONE] [#cdd6f4/-/NONE]21:24.30[-/-/NONE] [#cdd6f4/-/NONE]cargo build --release[-/-/NONE]                                                          
[#cdd6f4/-/NONE] 555601[-/-/NONE] [#89dceb/-/NONE] 869M[-/-/NONE] [#89dceb/-/NONE]40[#cdd6f4/-/NONE]000[-/-/NONE] [#a6e3a1/-/NONE]R[-/-/NONE] [#94e2d5/-/NONE] 627.5[-/-/NONE] [#cdd6f4/-/NONE] 0.9[-/-/NONE] [#cdd6f4/-/NONE] 7:25.10[-/-/NONE] [#cdd6f4/-/NONE]rustc --crate-name gridwatch_app --edition=2024[-/-/NONE]                                
[#cdd6f4/-/NONE] 412345[-/-/NONE] [#a6e3a1/-/NONE]12[#89dceb/-/NONE].5[#a6e3a1/-/NONE]G[-/-/NONE] [#a6e3a1/-/NONE]1[#89dceb/-/NONE]503M[-/-/NONE] [#a6e3a1/-/NONE]R[-/-/NONE] [#94e2d5/-/NONE] 459.6[-/-/NONE] [#cdd6f4/-/NONE]13.7[-/-/NONE] [#89dceb/-/NONE] 3h[#cdd6f4/-/NONE]29:40[-/-/NONE] [#cdd6f4/-/NONE]/opt/game/bin/game --fullscreen --vulkan[-/-/NONE]                                       
[#cdd6f4/-/NONE]   6120[-/-/NONE] [#89dceb/-/NONE] 960M[-/-/NONE] [#89dceb/-/NONE] 302M[-/-/NONE] [#a6adc8/-/NONE]S[-/-/NONE] [#cdd6f4/-/NONE]  18.3[-/-/NONE] [#cdd6f4/-/NONE] 1.0[-/-/NONE] [#89dceb/-/NONE]13h[#cdd6f4/-/NONE]22:15[-/-/NONE] [#cdd6f4/-/NONE]/usr/lib/firefox/firefox[-/-/NONE]                                                       
[#cdd6f4/-/NONE]   2990[-/-/NONE] [#89dceb/-/NONE]33[#cdd6f4/-/NONE]000[-/-/NONE] [#89dceb/-/NONE] 9[#cdd6f4/-/NONE]000[-/-/NONE] [#f38ba8/-/NONE]D[-/-/NONE] [#cdd6f4/-/NONE]  10.6[-/-/NONE] [#a6adc8/-/NONE] 0.0[-/-/NONE] [#cdd6f4/-/NONE] 0:40.12[-/-/NONE] [#cdd6f4/-/NONE]rsync -a /home/mattbeam/ /mnt/backup/[-/-/NONE]                                          
[#cdd6f4/-/NONE]   6350[-/-/NONE] [#89dceb/-/NONE] 392M[-/-/NONE] [#89dceb/-/NONE] 146M[-/-/NONE] [#a6adc8/-/NONE]S[-/-/NONE] [#cdd6f4/-/NONE]   7.6[-/-/NONE] [#cdd6f4/-/NONE] 0.4[-/-/NONE] [#89dceb/-/NONE] 2h[#cdd6f4/-/NONE]32:05[-/-/NONE] [#cdd6f4/-/NONE]/usr/lib/firefox/firefox -contentproc -childID 7 -isForBrowser[-/-/NONE]                 
[#cdd6f4/-/NONE]  11805[-/-/NONE] [#89dceb/-/NONE]99[#cdd6f4/-/NONE]900[-/-/NONE] [#89dceb/-/NONE]60[#cdd6f4/-/NONE]100[-/-/NONE] [#a6adc8/-/NONE]S[-/-/NONE] [#cdd6f4/-/NONE]   3.6[-/-/NONE] [#cdd6f4/-/NONE] 0.1[-/-/NONE] [#cdd6f4/-/NONE]35:06.37[-/-/NONE] [#cdd6f4/-/NONE]/usr/bin/ptyxis --gapplication-service[-/-/NONE]                                         
[#cdd6f4/-/NONE]   1701[-/-/NONE] [#89dceb/-/NONE] 392M[-/-/NONE] [#89dceb/-/NONE] 205M[-/-/NONE] [#a6adc8/-/NONE]S[-/-/NONE] [#cdd6f4/-/NONE]   2.4[-/-/NONE] [#cdd6f4/-/NONE] 0.4[-/-/NONE] [#89dceb/-/NONE] 1h[#cdd6f4/-/NONE]06:50[-/-/NONE] [#cdd6f4/-/NONE]/usr/bin/gnome-shell[-/-/NONE]                                                           
[#cdd6f4/-/NONE]    981[-/-/NONE] [#89dceb/-/NONE]97[#cdd6f4/-/NONE]600[-/-/NONE] [#89dceb/-/NONE]18[#cdd6f4/-/NONE]000[-/-/NONE] [#a6adc8/-/NONE]S[-/-/NONE] [#cdd6f4/-/NONE]   1.0[-/-/NONE] [#cdd6f4/-/NONE] 0.1[-/-/NONE] [#cdd6f4/-/NONE]33:21.01[-/-/NONE] [#cdd6f4/-/NONE]/usr/bin/dockerd -H fd://[-/-/NONE]                                                      
[#cdd6f4/-/NONE]   1842[-/-/NONE] [#89dceb/-/NONE] 117M[-/-/NONE] [#89dceb/-/NONE]74[#cdd6f4/-/NONE]000[-/-/NONE] [#a6adc8/-/NONE]S[-/-/NONE] [#cdd6f4/-/NONE]   0.9[-/-/NONE] [#cdd6f4/-/NONE] 0.1[-/-/NONE] [#cdd6f4/-/NONE]10:03.73[-/-/NONE] [#cdd6f4/-/NONE]/usr/bin/pipewire[-/-/NONE]
