---
source: crates/components/tests/components.rs
assertion_line: 81
expression: "view_snapshot(s.as_mut(), &store, &th, size)"
---
size: 122x31
tier: table
view:
  table:
    columns:
      - SRC
      - STATE
      - GEN
      - AGE
      - DROP
      - RST
      - NOTE
    rows:
      - - audio
        - starting
        - "3"
        - 0s
        - "0"
        - "0"
        - dsp 0.3 ms
      - - cpu
        - starting
        - "3"
        - 0s
        - "0"
        - "0"
        - scan 6.5 ms
      - - gpu
        - starting
        - "3"
        - 0s
        - "0"
        - "0"
        - nvml 0.1+2.3+2.1 = 4.5 ms/s
      - - pins
        - starting
        - "3"
        - 0s
        - "0"
        - "0"
        - read 4.0 ms · ≤2 tx/s
      - - sensors
        - starting
        - "3"
        - 0s
        - "0"
        - "0"
        - walk 0.6 ms
    scroll: 0
    selected: ~
    sort: ~
