---
source: crates/components/tests/components.rs
expression: dump
---
[#cdd6f4/-/REVERSED]DEVICE     [-/-/NONE] [#cdd6f4/-/REVERSED]   READ[-/-/NONE] [#cdd6f4/-/REVERSED]  WRITE[-/-/NONE] [#cdd6f4/-/REVERSED] BUSY[-/-/NONE] [#cdd6f4/-/REVERSED]  °C[-/-/NONE] [#cdd6f4/-/REVERSED]   R/S[-/-/NONE] [#cdd6f4/-/REVERSED]   W/S[-/-/NONE] [#cdd6f4/-/REVERSED]     Q[-/-/NONE] [#cdd6f4/-/REVERSED]MODEL                     [-/-/NONE]                                    
[#a6e3a1/-/NONE]●[#cdd6f4/-/NONE] nvme0n1[-/-/NONE]      [#cdd6f4/-/BOLD]998M[-/-/NONE]    [#cdd6f4/-/BOLD]200M[-/-/NONE]   [#89b4fa/-/NONE]56%[-/-/NONE]  [#cdd6f4/-/NONE]50°[-/-/NONE]   [#a6adc8/-/NONE]7614[-/-/NONE]   [#a6adc8/-/NONE]3052[-/-/NONE]   [#cdd6f4/-/NONE]20.8[-/-/NONE] [#a6adc8/-/NONE]Samsung SSD 9100 PRO 4TB[-/-/NONE]                                      
[#a6e3a1/-/NONE]●[#cdd6f4/-/NONE] nvme0n1p2[-/-/NONE]      [#cdd6f4/-/BOLD]0B[-/-/NONE]    [#cdd6f4/-/BOLD]4.0M[-/-/NONE]    [#cdd6f4/-/NONE]4%[-/-/NONE]  [#cdd6f4/-/NONE]50°[-/-/NONE]      [#a6adc8/-/NONE]0[-/-/NONE]    [#a6adc8/-/NONE]121[-/-/NONE]    [#cdd6f4/-/NONE]0.2[-/-/NONE] [#a6adc8/-/NONE]Samsung SSD 9100 PRO 4TB[-/-/NONE]                                      
[#a6e3a1/-/NONE]●[#cdd6f4/-/NONE] nvme1n1[-/-/NONE]       [#cdd6f4/-/BOLD]78k[-/-/NONE]    [#cdd6f4/-/BOLD]459k[-/-/NONE]    [#cdd6f4/-/NONE]0%[-/-/NONE]  [#cdd6f4/-/NONE]47°[-/-/NONE]      [#a6adc8/-/NONE]1[-/-/NONE]     [#a6adc8/-/NONE]14[-/-/NONE]    [#cdd6f4/-/NONE]0.0[-/-/NONE] [#a6adc8/-/NONE]WD_BLACK SN850X 2000GB[-/-/NONE]                                        
[#a6adc8/-/NONE]○[#cdd6f4/-/NONE] nvme2n1[-/-/NONE]        [#cdd6f4/-/BOLD]0B[-/-/NONE]      [#cdd6f4/-/BOLD]0B[-/-/NONE]    [#cdd6f4/-/NONE]0%[-/-/NONE]  [#cdd6f4/-/NONE]37°[-/-/NONE]      [#a6adc8/-/NONE]0[-/-/NONE]      [#a6adc8/-/NONE]0[-/-/NONE]    [#cdd6f4/-/NONE]0.0[-/-/NONE] [#a6adc8/-/NONE]Samsung SSD 990 PRO 1TB[-/-/NONE]                                       
[#313244/-/NONE]·[#cdd6f4/-/NONE] sda[-/-/NONE]             [#313244/-/NONE]—[-/-/NONE]       [#313244/-/NONE]—[-/-/NONE]     [#313244/-/NONE]—[-/-/NONE]    [#313244/-/NONE]—[-/-/NONE]      [#313244/-/NONE]—[-/-/NONE]      [#313244/-/NONE]—[-/-/NONE]      [#313244/-/NONE]—[-/-/NONE] [#a6adc8/-/NONE]SanDisk Extreme 55AE[#313244/-/NONE]  gone[-/-/NONE]                                    
[#a6adc8/-/NONE]series [#cdd6f4/-/BOLD]read[#a6adc8/-/NONE] over 60 s  [#89b4fa/-/NONE]1 read [#313244/-/NONE]2 write 3 busy 4 queue [-/-/NONE]                                                                     
[-/-/NONE]                                                                                                                          
[-/-/NONE]                                                                                                                          
[-/-/NONE]              [#8abaf5/-/NONE]⣀[#89b9f6/-/NONE]⠤⠒⠊[#89b8f6/-/NONE]⠉⠉⠉⠉⠑⠒[#8abaf5/-/NONE]⠢⢄[-/-/NONE]                                                                      [#8abaf5/-/NONE]⣀[#89b8f6/-/NONE]⠤⠔⠒⠉⠉⠉[#89b9f6/-/NONE]⠉⠑⠒[#8abaf5/-/NONE]⠤⣀[-/-/NONE]              
[-/-/NONE]           [#8abdf3/-/NONE]⢀[#8abaf5/-/NONE]⠔⠊[-/-/NONE]            [#8abaf5/-/NONE]⠉[#8abcf4/-/NONE]⠢⢄[-/-/NONE]                                                                [#8abcf4/-/NONE]⣀[#8abaf5/-/NONE]⠔⠉[-/-/NONE]            [#8abaf5/-/NONE]⠑[#8abdf3/-/NONE]⠢⡀[-/-/NONE]           
[-/-/NONE]         [#8abdf3/-/NONE]⢀⠔⠁[-/-/NONE]                 [#8abcf4/-/NONE]⠑[#8bbff2/-/NONE]⠢⡀[-/-/NONE]                                                           [#8abcf4/-/NONE]⡠⠊[-/-/NONE]                 [#8abdf3/-/NONE]⠈⠢⡀[-/-/NONE]         
[#313244/-/NONE]───────[#8bc0f0/-/NONE]⢀⠔[#8abdf3/-/NONE]⠁[#313244/-/NONE]─────────────────────[#8bbff2/-/NONE]⠈⠢⡀[#313244/-/NONE]──────────────────────────────────────────────────────[#8bbff2/-/NONE]⢀⠔⠊[#313244/-/NONE]─────────────────────[#8bc0f0/-/NONE]⠈⠢⡀[#313244/-/NONE]───────
[-/-/NONE]     [#8cc4ee/-/NONE]⢀[#8bc0f0/-/NONE]⠔⠁[-/-/NONE]                         [#8bc3ef/-/NONE]⠈⠢⡀[-/-/NONE]                                                  [#8bc3ef/-/NONE]⢀⠔[#8bbff2/-/NONE]⠁[-/-/NONE]                         [#8bc0f0/-/NONE]⠈[#8cc4ee/-/NONE]⠢⡀[-/-/NONE]     
[-/-/NONE]    [#8cc4ee/-/NONE]⡠⠊[-/-/NONE]                             [#8bc3ef/-/NONE]⠑[#8cc7eb/-/NONE]⢄[-/-/NONE]                                                [#8bc3ef/-/NONE]⡠⠊[-/-/NONE]                             [#8cc4ee/-/NONE]⠘⢄[-/-/NONE]    
[-/-/NONE]   [#8cc4ee/-/NONE]⠔⠁[-/-/NONE]                                [#8cc7eb/-/NONE]⠱⡀[-/-/NONE]                                            [#8cc6ec/-/NONE]⢀⠜[-/-/NONE]                              [#8cc6ec/-/NONE]nvme0n1
[-/-/NONE]                                      [#8cc7eb/-/NONE]⠈[#8dcbe9/-/NONE]⢆[-/-/NONE]                                          [#8cc6ec/-/NONE]⡠⠃[-/-/NONE]                                      
[-/-/NONE]                                        [#8dcbe9/-/NONE]⠱⡀[-/-/NONE]                                      [#8dcbe9/-/NONE]⢀⠜[-/-/NONE]                                        
[#313244/-/NONE]─────────────────────────────────────────[#8dcbe9/-/NONE]⠈[#8ecfe5/-/NONE]⢆[#313244/-/NONE]────────────────────────────────────[#8dcbe9/-/NONE]⡠⠃[#313244/-/NONE]─────────────────────────────────────────
[-/-/NONE]                                           [#8ecfe5/-/NONE]⠱⡀[-/-/NONE]                                [#8ecfe5/-/NONE]⢀⠜[-/-/NONE]                                           
[-/-/NONE]                                            [#8ecfe5/-/NONE]⠈[#8fd3e2/-/NONE]⢆[-/-/NONE]                              [#8ecfe5/-/NONE]⡠⠃[-/-/NONE]                                            
[-/-/NONE]                                              [#8fd3e2/-/NONE]⠑⡄[-/-/NONE]                          [#8fd3e2/-/NONE]⢠⠊[-/-/NONE]                                              
[-/-/NONE]                                               [#8fd3e2/-/NONE]⠈[#90d6df/-/NONE]⠢⡀[-/-/NONE]                      [#90d6df/-/NONE]⢀[#8fd3e2/-/NONE]⠔⠁[-/-/NONE]                                               
[#313244/-/NONE]─────────────────────────────────────────────────[#90d6df/-/NONE]⠈⠢⡀[#313244/-/NONE]──────────────────[#90d6df/-/NONE]⢀⠔⠁[#313244/-/NONE]─────────────────────────────────────────────────
[-/-/NONE]                                                   [#91d9dc/-/NONE]⠈⠒⢄⡀[-/-/NONE]            [#91d9dc/-/NONE]⢀⡠⠒[#90d6df/-/NONE]⠁[-/-/NONE]                                                   
[-/-/NONE]                                                      [#91dbdb/-/NONE]⠈⠒⠤[#92dcda/-/NONE]⣀⣀⡀[-/-/NONE]  [#92dcda/-/NONE]⢀⣀[#91dbdb/-/NONE]⡠⠔⠊[#91d9dc/-/NONE]⠁[-/-/NONE]                                                      
[-/-/NONE]                                                           [#92dcda/-/NONE]⠈⠉⠉⠁[-/-/NONE]                                                           
[-/-/NONE]                                                                                                                          
[-/-/NONE]   [#94e1d4/-/NONE]⣀⣀⣀⣀⣀⣀⣀⣀⣀⣀⣀⣀⣀⣀⣀⣀⣀⣀⣀⣀⣀⣀⣀⣀⣀⣀⣀⣀⣀⣀⣀⣀⣀⣀⣀⣀⣀⣀⣀⣀⣀⣀⣀⣀⣀⣀⣀⣀⣀⣀⣀⣀⣀⣀⣀⣀⣀⣀⣀⣀⣀⣀⣀⣀⣀⣀⣀⣀⣀⣀⣀⣀⣀⣀⣀⣀⣀⣀⣀⣀⣀⣀⣀⣀⣀⣀sda⣀⣀⣀⣀⣀⣀⣀⣀⣀⣀⣀⣀⣀⣀⣀⣀⣀⣀⣀⣀⣀nvme0n1p2
[#a6adc8/-/NONE]await [#cdd6f4/-/NONE]nvme0n1 [#89b4fa/-/NONE]r 0.80 ms[#94e2d5/-/NONE]  w 5.40 ms[#313244/-/NONE] · [#cdd6f4/-/NONE]nvme0n1p2 [#89b4fa/-/NONE]r —[#94e2d5/-/NONE]  w 1.80 ms[#313244/-/NONE] · [#cdd6f4/-/NONE]nvme1n1 [#89b4fa/-/NONE]r 0.20 ms[#94e2d5/-/NONE]  w 0.60 ms[#313244/-/NONE] · [#cdd6f4/-/NONE]nvme2n1 [#89b4fa/-/NONE]r —[#94e2d5/-/NONE]  w —[#313244/-/NONE] · [#cdd6f4/-/NONE]sda [#89b4fa/-/NONE]r —[#94e2d5/-/NONE] 
[#a6adc8/-/NONE]4 devices · 1 partition · sort traffic · s sort[-/-/NONE]
