---
source: crates/components/tests/components.rs
expression: dump
---
[#cdd6f4/-/REVERSED]DEVICE     [-/-/NONE] [#cdd6f4/-/REVERSED]   READ[-/-/NONE] [#cdd6f4/-/REVERSED]  WRITE[-/-/NONE] [#cdd6f4/-/REVERSED] BUSY[-/-/NONE] [#cdd6f4/-/REVERSED]  °C[-/-/NONE] [#cdd6f4/-/REVERSED]   R/S[-/-/NONE] [#cdd6f4/-/REVERSED]   W/S[-/-/NONE] [#cdd6f4/-/REVERSED]     Q[-/-/NONE] [#cdd6f4/-/REVERSED]MODEL                   [-/-/NONE]                                                                                                                    
[#a6e3a1/-/NONE]●[#cdd6f4/-/NONE] nvme0n1[-/-/NONE]      [#cdd6f4/-/BOLD]998M[-/-/NONE]    [#cdd6f4/-/BOLD]200M[-/-/NONE]   [#89b4fa/-/NONE]56%[-/-/NONE]  [#cdd6f4/-/NONE]50°[-/-/NONE]   [#a6adc8/-/NONE]7614[-/-/NONE]   [#a6adc8/-/NONE]3052[-/-/NONE]   [#cdd6f4/-/NONE]20.8[-/-/NONE] [#a6adc8/-/NONE]Samsung SSD 9100 PRO 4TB[-/-/NONE]                                                                                                                    
[#a6e3a1/-/NONE]●[#cdd6f4/-/NONE] sda[-/-/NONE]            [#cdd6f4/-/BOLD]0B[-/-/NONE]     [#cdd6f4/-/BOLD]40M[-/-/NONE]   [#89b4fa/-/NONE]54%[-/-/NONE]    [#a6adc8/-/NONE]—[-/-/NONE]      [#a6adc8/-/NONE]0[-/-/NONE]    [#a6adc8/-/NONE]615[-/-/NONE]    [#cdd6f4/-/NONE]1.2[-/-/NONE] [#a6adc8/-/NONE]SanDisk Extreme 55AE[-/-/NONE]                                                                                                                        
[#a6e3a1/-/NONE]●[#cdd6f4/-/NONE] nvme0n1p2[-/-/NONE]      [#cdd6f4/-/BOLD]0B[-/-/NONE]    [#cdd6f4/-/BOLD]4.0M[-/-/NONE]    [#cdd6f4/-/NONE]4%[-/-/NONE]  [#cdd6f4/-/NONE]50°[-/-/NONE]      [#a6adc8/-/NONE]0[-/-/NONE]    [#a6adc8/-/NONE]121[-/-/NONE]    [#cdd6f4/-/NONE]0.2[-/-/NONE] [#a6adc8/-/NONE]—[-/-/NONE]                                                                                                                                           
[#a6e3a1/-/NONE]●[#cdd6f4/-/NONE] nvme1n1[-/-/NONE]       [#cdd6f4/-/BOLD]78k[-/-/NONE]    [#cdd6f4/-/BOLD]459k[-/-/NONE]    [#cdd6f4/-/NONE]0%[-/-/NONE]  [#cdd6f4/-/NONE]47°[-/-/NONE]      [#a6adc8/-/NONE]1[-/-/NONE]     [#a6adc8/-/NONE]14[-/-/NONE]    [#cdd6f4/-/NONE]0.0[-/-/NONE] [#a6adc8/-/NONE]WD_BLACK SN850X 2000GB[-/-/NONE]                                                                                                                      
[#a6adc8/-/NONE]○[#cdd6f4/-/NONE] nvme2n1[-/-/NONE]        [#cdd6f4/-/BOLD]0B[-/-/NONE]      [#cdd6f4/-/BOLD]0B[-/-/NONE]    [#cdd6f4/-/NONE]0%[-/-/NONE]  [#cdd6f4/-/NONE]37°[-/-/NONE]      [#a6adc8/-/NONE]0[-/-/NONE]      [#a6adc8/-/NONE]0[-/-/NONE]    [#cdd6f4/-/NONE]0.0[-/-/NONE] [#a6adc8/-/NONE]Samsung SSD 990 PRO 1TB[-/-/NONE]                                                                                                                     
[#a6adc8/-/NONE]series [#cdd6f4/-/BOLD]read[#a6adc8/-/NONE] over 60 s  [#89b4fa/-/NONE]1 read [#313244/-/NONE]2 write 3 busy 4 queue [-/-/NONE]                                                                                                                                                   
[#a6adc8/-/NONE]await [#cdd6f4/-/NONE]nvme0n1 [#89b4fa/-/NONE]r 0.80 ms[#94e2d5/-/NONE]  w 5.40 ms[#313244/-/NONE] · [#cdd6f4/-/NONE]sda [#89b4fa/-/NONE]r —[#94e2d5/-/NONE]  w 13.50 ms[#313244/-/NONE] · [#cdd6f4/-/NONE]nvme0n1p2 [#89b4fa/-/NONE]r —[#94e2d5/-/NONE]  w 1.80 ms[#313244/-/NONE] · [#cdd6f4/-/NONE]nvme1n1 [#89b4fa/-/NONE]r 0.20 ms[#94e2d5/-/NONE]  w 0.60 ms[#313244/-/NONE] · [#cdd6f4/-/NONE]nvme2n1 [#89b4fa/-/NONE]r —[#94e2d5/-/NONE]  w —[-/-/NONE]                                                                   
[#a6e3a1/-/NONE]●[#cdd6f4/-/BOLD] nvme0n1[#a6adc8/-/NONE]  drive · 4.0 TB · ssd[-/-/NONE]                                                                                                                                                                         
[#a6adc8/-/NONE]  model      [#cdd6f4/-/NONE]Samsung SSD 9100 PRO 4TB[-/-/NONE]                                                                                                                                                                   
[#a6adc8/-/NONE]  controller [#cdd6f4/-/NONE]nvme0[#a6adc8/-/NONE] · hwmon nvme:Composite [#cdd6f4/-/NONE]50.1 °C[#a6adc8/-/NONE] (crit 84.8)[#313244/-/NONE] — the controller's[-/-/NONE]                                                                                                                        
[#a6adc8/-/NONE]  queue      [#89b4fa/-/NONE]busy 56%[#cdd6f4/-/NONE] · q 20.8 of 1023[#a6adc8/-/NONE] · r 0.80 ms · w 5.40 ms[-/-/NONE]                                                                                                                                          
[#a6adc8/-/NONE]  scheduler  [#cdd6f4/-/NONE]none[#a6adc8/-/NONE] · r/s 7614 · w/s 3052 · discard 524M/s[-/-/NONE]                                                                                                                                                
[#a6adc8/-/NONE]  partitions [#cdd6f4/-/NONE]nvme0n1p1 nvme0n1p2[-/-/NONE]                                                                                                                                                                        
[-/-/NONE]                                                                                                                                                                                                        
[#a6e3a1/-/NONE]●[#cdd6f4/-/BOLD] sda[#a6adc8/-/NONE]  drive · 128.0 GB · ssd[#89dceb/-/NONE] · removable[-/-/NONE]                                                                                                                                                               
[#a6adc8/-/NONE]  model      [#cdd6f4/-/NONE]SanDisk Extreme 55AE[-/-/NONE]                                                                                                                                                                       
[#a6adc8/-/NONE]  controller [#cdd6f4/-/NONE]0:0:0:0[#a6adc8/-/NONE] · temperature — [#313244/-/NONE]no hwmon chip hangs off this controller (a SATA drive needs drivetemp)[-/-/NONE]                                                                                             
[#a6adc8/-/NONE]  queue      [#89b4fa/-/NONE]busy 54%[#cdd6f4/-/NONE] · q 1.2 of 64[#a6adc8/-/NONE] · r — · w 13.50 ms[-/-/NONE]                                                                                                                                                  
[#a6adc8/-/NONE]  scheduler  [#cdd6f4/-/NONE]mq-deadline[#a6adc8/-/NONE] · r/s 0 · w/s 615 · discard 0B/s[-/-/NONE]                                                                                                                                               
[#a6adc8/-/NONE]  partitions [#cdd6f4/-/NONE]sda1[-/-/NONE]                                                                                                                                                                                       
[-/-/NONE]                                                                                                                                                                                                        
[#a6e3a1/-/NONE]●[#cdd6f4/-/BOLD] nvme0n1p2[#a6adc8/-/NONE]  partition · 3.0 TB · ssd[-/-/NONE]                                                                                                                                                                   
[#a6adc8/-/NONE]  model      [#cdd6f4/-/NONE]—[-/-/NONE]                                                                                                                                                                                          
[#a6adc8/-/NONE]  controller [#cdd6f4/-/NONE]nvme0[#a6adc8/-/NONE] · hwmon nvme:Composite [#cdd6f4/-/NONE]50.1 °C[#a6adc8/-/NONE] (crit 84.8)[#313244/-/NONE] — the controller's[-/-/NONE]                                                                                                                        
[#a6adc8/-/NONE]  queue      [#cdd6f4/-/NONE]busy 4% · q 0.2 of 1023[#a6adc8/-/NONE] · r — · w 1.80 ms[-/-/NONE]                                                                                                                                                  
[#a6adc8/-/NONE]  scheduler  [#cdd6f4/-/NONE]none[#a6adc8/-/NONE] · r/s 0 · w/s 121 · discard 0B/s[-/-/NONE]                                                                                                                                                      
[-/-/NONE]                                                                                                                                                                                                        
[#a6e3a1/-/NONE]●[#cdd6f4/-/BOLD] nvme1n1[#a6adc8/-/NONE]  drive · 2.0 TB · ssd[-/-/NONE]                                                                                                                                                                         
[#a6adc8/-/NONE]  model      [#cdd6f4/-/NONE]WD_BLACK SN850X 2000GB[-/-/NONE]                                                                                                                                                                     
[#a6adc8/-/NONE]  controller [#cdd6f4/-/NONE]nvme1[#a6adc8/-/NONE] · hwmon nvme#2:Composite [#cdd6f4/-/NONE]46.8 °C[#a6adc8/-/NONE] (crit 87.8)[#313244/-/NONE] — the controller's[-/-/NONE]                                                                                                                      
[#a6adc8/-/NONE]  queue      [#cdd6f4/-/NONE]busy 0% · q 0.0 of 1023[#a6adc8/-/NONE] · r 0.20 ms · w 0.60 ms[-/-/NONE]                                                                                                                                            
[#a6adc8/-/NONE]  scheduler  [#cdd6f4/-/NONE]none[#a6adc8/-/NONE] · r/s 1 · w/s 14 · discard 0B/s[-/-/NONE]                                                                                                                                                       
[#a6adc8/-/NONE]  partitions [#cdd6f4/-/NONE]nvme1n1p1 nvme1n1p2[-/-/NONE]                                                                                                                                                                        
[-/-/NONE]                                                                                                                                                                                                        
[#a6adc8/-/NONE]○[#cdd6f4/-/BOLD] nvme2n1[#a6adc8/-/NONE]  drive · 1.0 TB · ssd[-/-/NONE]                                                                                                                                                                         
[#a6adc8/-/NONE]  model      [#cdd6f4/-/NONE]Samsung SSD 990 PRO 1TB[-/-/NONE]                                                                                                                                                                    
[#a6adc8/-/NONE]  controller [#cdd6f4/-/NONE]nvme2[#a6adc8/-/NONE] · hwmon nvme#3:Composite [#cdd6f4/-/NONE]37.2 °C[#a6adc8/-/NONE] (crit 79.8)[#313244/-/NONE] — the controller's[-/-/NONE]                                                                                                                      
[#a6adc8/-/NONE]  queue      [#cdd6f4/-/NONE]busy 0% · q 0.0 of 1023[#a6adc8/-/NONE] · r — · w —[-/-/NONE]                                                                                                                                                        
[#a6adc8/-/NONE]  scheduler  [#cdd6f4/-/NONE]none[#a6adc8/-/NONE] · r/s 0 · w/s 0 · discard 0B/s[-/-/NONE]                                                                                                                                                        
[#a6adc8/-/NONE]  partitions [#cdd6f4/-/NONE]nvme2n1p1 nvme2n1p2 nvme2n1p3 nvme2n1p4 nvme2n1p5[-/-/NONE]                                                                                                                                          
[-/-/NONE]                                                                                                                                                                                                        
[-/-/NONE]                      [#8abaf5/-/NONE]⢀⣀⣀[#89b9f6/-/NONE]⣀⣀⡠⠤⠤[#89b8f6/-/NONE]⠤⠤⠤⠤⠤⠤⠤⠤⠤⠤[#8abaf5/-/NONE]⠤⠤⢄⣀⣀[#8abcf4/-/NONE]⣀⡀[-/-/NONE]                                                                                                           [#8abcf4/-/NONE]⣀[#8abaf5/-/NONE]⣀⣀⣀⣀⣀[#89b8f6/-/NONE]⣀⣀⡠⠤⠤⠤⠤⠤⠤⠤[#89b9f6/-/NONE]⠤⠤⢄⣀⣀[#8abaf5/-/NONE]⣀⣀⡀[-/-/NONE]                      
[-/-/NONE]         [#8cc4ee/-/NONE]⣀[#8bc0f0/-/NONE]⣀⡠⠤⠤⠒[#8abdf3/-/NONE]⠒⠒⠊⠉⠉[#8abaf5/-/NONE]⠉⠉⠁[-/-/NONE]                       [#8abcf4/-/NONE]⠈⠉⠉⠒[#8bbff2/-/NONE]⠒⠒⠢⠤⠤[#8bc3ef/-/NONE]⠤⢄⣀⣀[-/-/NONE]                                                                                  [#8bc3ef/-/NONE]⢀⣀⣀⠤[#8bbff2/-/NONE]⠤⠤⠔⠒⠒[#8abcf4/-/NONE]⠒⠊⠉⠉[-/-/NONE]                       [#8abaf5/-/NONE]⠈⠉⠉[#8abdf3/-/NONE]⠉⠉⠑⠒⠒[#8bc0f0/-/NONE]⠒⠢⠤⠤⣀[#8cc4ee/-/NONE]⣀⡀[-/-/NONE]        
[-/-/NONE]     [#8cc4ee/-/NONE]⠒⠊⠉⠉[-/-/NONE]                                                  [#8bc3ef/-/NONE]⠉[#8cc7eb/-/NONE]⠉⠑⠒⠒⠤[#8dcbe9/-/NONE]⠤⣀⡀[-/-/NONE]                                                               [#8dcbe9/-/NONE]⢀⣀⣀⠤[#8cc6ec/-/NONE]⠤⠔⠒⠒⠉[#8bc3ef/-/NONE]⠉⠁[-/-/NONE]                                                 [#8cc4ee/-/NONE]⠈⠉[#8cc6ec/-/NONE]nvme0n1
[#313244/-/NONE]───────────────────────────────────────────────────────────────────[#8dcbe9/-/NONE]⠈⠉⠑[#8ecfe5/-/NONE]⠒⠢⠤⠤⣀[#8fd3e2/-/NONE]⣀⣀⡀[#313244/-/NONE]────────────────────────────────────────────[#8fd3e2/-/NONE]⢀⣀⣀[#8ecfe5/-/NONE]⣀⠤⠔⠒⠊[#8dcbe9/-/NONE]⠉⠁[#313244/-/NONE]────────────────────────────────────────────────────────────────────
[-/-/NONE]                                                                             [#8fd3e2/-/NONE]⠈⠉⠉[#90d6df/-/NONE]⠉⠑⠒⠒⠤[#91d9dc/-/NONE]⠤⠤⢄⣀⣀[#91dbdb/-/NONE]⣀⣀⡀[-/-/NONE]              [#91dbdb/-/NONE]⢀⣀⣀[#91d9dc/-/NONE]⣀⣀⡠⠤⠤[#90d6df/-/NONE]⠤⠔⠒⠒⠉[#8fd3e2/-/NONE]⠉⠉⠁[-/-/NONE]                                                                             
[-/-/NONE]     [#94e1d4/-/NONE]⣀⣀⣀⣀⣀⣀⣀⣀⣀⣀⣀⣀⣀⣀⣀⣀⣀⣀⣀⣀⣀⣀⣀⣀⣀⣀⣀⣀⣀⣀⣀⣀⣀⣀⣀⣀⣀⣀⣀⣀⣀⣀⣀⣀⣀⣀⣀⣀⣀⣀⣀⣀⣀⣀⣀⣀⣀⣀⣀⣀⣀⣀⣀⣀⣀⣀⣀⣀⣀⣀⣀⣀⣀⣀⣀⣀⣀⣀⣀⣀⣀⣀⣀⣀⣀⣀⣀⣈⣉⣉⣉⣉⣉⣉⣉⣉⣉⣉⣉⣉⣉⣉⣁⣀⣀⣀⣀⣀⣀⣀⣀⣀⣀⣀⣀⣀⣀⣀⣀⣀⣀⣀⣀⣀⣀⣀⣀⣀⣀⣀⣀⣀⣀⣀⣀⣀⣀⣀⣀⣀⣀sda⣀⣀⣀⣀⣀⣀⣀⣀⣀⣀⣀⣀⣀⣀⣀⣀⣀⣀⣀⣀⣀⣀⣀⣀⣀⣀⣀⣀⣀⣀⣀⣀⣀⣀⣀⣀⣀⣀⣀⣀⣀⣀nvme0n1p2
[#313244/-/NONE]BUSY is the share of time the queue was non-empty — not how full it was. One I/O outstanding on a 1023-deep NVMe queue reads 100 %. Q is the mean number in flight.[-/-/NONE]                                     
[#a6adc8/-/NONE]5 devices · sort traffic · s sort[-/-/NONE]
