---
source: crates/components/tests/components.rs
assertion_line: 220
expression: "gridwatch_ui::dump::cells(&buf)"
---
[#a6adc8/-/NONE]CPU[-/-/NONE] [#a6adc8/-/NONE][[#a6e3a1/-/NONE]||||||||||||||||[#f38ba8/-/NONE]|||||[#313244/-/NONE]                          [#a6adc8/-/NONE]][-/-/NONE] [#cdd6f4/-/NONE]44.6%
[#a6adc8/-/NONE]MEM[-/-/NONE] [#a6adc8/-/NONE][[#a6e3a1/-/NONE]|||||||[#89b4fa/-/NONE]|[#f9e2af/-/NONE]|||||||||[#313244/-/NONE]                        [#a6adc8/-/NONE]][-/-/NONE] [#cdd6f4/-/NONE]17.6G/91.0G
[#a6adc8/-/NONE]SWP[-/-/NONE] [#a6adc8/-/NONE][[#313244/-/NONE]                                         [#a6adc8/-/NONE]][-/-/NONE] [#cdd6f4/-/NONE]0.00K/16.0G
[#cdd6f4/-/NONE]207, 1792 thr, 431 kthr; 4 running[#313244/-/NONE] · [#a6adc8/-/NONE]load [#cdd6f4/-/NONE]4.57 4.25 3.57[-/-/NONE]   
[#94e2d5/-/BOLD]CCD0[#313244/-/NONE]  [#a6adc8/-/NONE]4.9 GHz[#313244/-/NONE]  [#a6adc8/-/NONE]50.2 °C[-/-/NONE]       [#94e2d5/-/BOLD]CCD1[#313244/-/NONE]  [#a6adc8/-/NONE]5.4 GHz[#313244/-/NONE]  [#a6adc8/-/NONE]48.0 °C[-/-/NONE]        
[-/-/NONE]       [#f69e99/-/NONE]▂[-/-/NONE]          [#f5989e/-/NONE]▃[-/-/NONE]                                        
[#fab78a/-/NONE]▁[#fab588/-/NONE]▂[-/-/NONE] [#f9ad8c/-/NONE]▅[#f7a495/-/NONE]█[-/-/NONE] [#f9ad8c/-/NONE]▅[#f69e99/-/NONE]█[-/-/NONE] [#f7a495/-/NONE]█[#f9af8a/-/NONE]▄[-/-/NONE]  [#f7a495/-/NONE]█[-/-/NONE]  [#f7a296/-/NONE]█[-/-/NONE] [#f5989e/-/NONE]█[#f7a693/-/NONE]▇[-/-/NONE] [#f9af8a/-/NONE]▄[#f8a990/-/NONE]▆[-/-/NONE]                                    
[#fab78a/-/NONE]█[#fab588/-/NONE]█[-/-/NONE] [#f9ad8c/-/NONE]█[#f7a495/-/NONE]█[-/-/NONE] [#f9ad8c/-/NONE]█[#f69e99/-/NONE]█[-/-/NONE] [#f7a495/-/NONE]█[#f9af8a/-/NONE]█[-/-/NONE] [#fac092/-/NONE]▇[#f7a495/-/NONE]█[-/-/NONE] [#fabe90/-/NONE]█[#f7a296/-/NONE]█[-/-/NONE] [#f5989e/-/NONE]█[#f7a693/-/NONE]█[-/-/NONE] [#f9af8a/-/NONE]█[#f8a990/-/NONE]█[-/-/NONE]                                    
[#fab78a/-/NONE]█[#fab588/-/NONE]█[-/-/NONE] [#f9ad8c/-/NONE]█[#f7a495/-/NONE]█[-/-/NONE] [#f9ad8c/-/NONE]█[#f69e99/-/NONE]█[-/-/NONE] [#f7a495/-/NONE]█[#f9af8a/-/NONE]█[-/-/NONE] [#fac092/-/NONE]█[#f7a495/-/NONE]█[-/-/NONE] [#fabe90/-/NONE]█[#f7a296/-/NONE]█[-/-/NONE] [#f5989e/-/NONE]█[#f7a693/-/NONE]█[-/-/NONE] [#f9af8a/-/NONE]█[#f8a990/-/NONE]█[-/-/NONE]               [#dfe2aa/-/NONE]▁[-/-/NONE]   [#dfe2aa/-/NONE]▁[-/-/NONE] [#f5e2ae/-/NONE]▅[-/-/NONE]              
[#fab78a/-/NONE]█[#fab588/-/NONE]█[-/-/NONE] [#f9ad8c/-/NONE]█[#f7a495/-/NONE]█[-/-/NONE] [#f9ad8c/-/NONE]█[#f69e99/-/NONE]█[-/-/NONE] [#f7a495/-/NONE]█[#f9af8a/-/NONE]█[-/-/NONE] [#fac092/-/NONE]█[#f7a495/-/NONE]█[-/-/NONE] [#fabe90/-/NONE]█[#f7a296/-/NONE]█[-/-/NONE] [#f5989e/-/NONE]█[#f7a693/-/NONE]█[-/-/NONE] [#f9af8a/-/NONE]█[#f8a990/-/NONE]█[-/-/NONE]      [#c3e3a5/-/NONE]▄[#dbe2a9/-/NONE]█[-/-/NONE] [#dbe2a9/-/NONE]█[#cfe3a7/-/NONE]▆[-/-/NONE] [#bfe3a4/-/NONE]▄[#d3e3a8/-/NONE]▇[-/-/NONE] [#dfe2aa/-/NONE]█[#cbe3a6/-/NONE]▆[-/-/NONE] [#cfe3a7/-/NONE]▇[#dfe2aa/-/NONE]█[-/-/NONE] [#f5e2ae/-/NONE]█[#bbe3a4/-/NONE]▃[-/-/NONE] [#d3e3a8/-/NONE]▇[#d7e2a8/-/NONE]▇[-/-/NONE] [#bfe3a4/-/NONE]▄[#aee3a2/-/NONE]▁[-/-/NONE]       
[#a6adc8/-/NONE]0  1  2  3  4  5  6  7 [-/-/NONE]      [#a6adc8/-/NONE]8  9  10 11 12 13 14 15[-/-/NONE]       
[#a6adc8/-/NONE]PSI cpu [#cdd6f4/-/NONE]1.43[#313244/-/NONE] · [#a6adc8/-/NONE]mem [#cdd6f4/-/NONE]0.29[#313244/-/NONE] · [#a6adc8/-/NONE]io [#cdd6f4/-/NONE]1.18[-/-/NONE]                          
[#cdd6f4/-/REVERSED]    PID[-/-/NONE] [#cdd6f4/-/REVERSED]  RES[-/-/NONE] [#cdd6f4/-/REVERSED]S[-/-/NONE] [#cdd6f4/-/REVERSED]  CPU%▽MEM%[-/-/NONE] [#cdd6f4/-/REVERSED]   TIME+[-/-/NONE] [#cdd6f4/-/REVERSED]Command               
[#cdd6f4/-/NONE] 555555[-/-/NONE] [#a6e3a1/-/NONE]1[#89dceb/-/NONE]123M[-/-/NONE] [#a6e3a1/-/NONE]R[-/-/NONE] [#94e2d5/-/NONE]1971.4[-/-/NONE] [#cdd6f4/-/NONE] 1.2[-/-/NONE] [#cdd6f4/-/NONE]21:24.30[-/-/NONE] [#cdd6f4/-/NONE]cargo build --release[-/-/NONE] 
[#cdd6f4/-/NONE] 555601[-/-/NONE] [#89dceb/-/NONE] 869M[-/-/NONE] [#a6e3a1/-/NONE]R[-/-/NONE] [#94e2d5/-/NONE] 627.5[-/-/NONE] [#cdd6f4/-/NONE] 0.9[-/-/NONE] [#cdd6f4/-/NONE] 7:25.10[-/-/NONE] [#cdd6f4/-/NONE]rustc --crate-name gri
[#cdd6f4/-/NONE] 412345[-/-/NONE] [#a6e3a1/-/NONE]12[#89dceb/-/NONE].5[#a6e3a1/-/NONE]G[-/-/NONE] [#a6e3a1/-/NONE]R[-/-/NONE] [#94e2d5/-/NONE] 459.6[-/-/NONE] [#cdd6f4/-/NONE]13.7[-/-/NONE] [#89dceb/-/NONE] 3h[#cdd6f4/-/NONE]29:40[-/-/NONE] [#cdd6f4/-/NONE]/opt/game/bin/game --f
[#cdd6f4/-/NONE]   6120[-/-/NONE] [#89dceb/-/NONE] 960M[-/-/NONE] [#a6adc8/-/NONE]S[-/-/NONE] [#cdd6f4/-/NONE]  18.3[-/-/NONE] [#cdd6f4/-/NONE] 1.0[-/-/NONE] [#89dceb/-/NONE]13h[#cdd6f4/-/NONE]22:15[-/-/NONE] [#cdd6f4/-/NONE]/usr/lib/firefox/firef
[#cdd6f4/-/NONE]   2990[-/-/NONE] [#89dceb/-/NONE]33[#cdd6f4/-/NONE]000[-/-/NONE] [#f38ba8/-/NONE]D[-/-/NONE] [#cdd6f4/-/NONE]  10.6[-/-/NONE] [#a6adc8/-/NONE] 0.0[-/-/NONE] [#cdd6f4/-/NONE] 0:40.12[-/-/NONE] [#cdd6f4/-/NONE]rsync -a /home/mattbea
