---
source: crates/components/tests/components.rs
expression: "view_snapshot(s.as_mut(), &store, &th, size)"
---
size: 80x20
tier: table
view:
  table:
    columns:
      - SRC
      - STATE
      - GEN
      - AGE
      - DROP
      - RST
      - NOTE
    rows:
      - - cpu
        - starting
        - "3"
        - 0s
        - "0"
        - "0"
        - scan 6.5 ms
      - - gpu
        - starting
        - "3"
        - 0s
        - "0"
        - "0"
        - nvml 0.1+2.3+2.1 = 4.5 ms/s
    scroll: 0
    selected: ~
    sort: ~
