---
source: crates/components/tests/components.rs
assertion_line: 149
expression: "gridwatch_ui::dump::cells(&buf)"
---
[#a6adc8/-/NONE]CPU[-/-/NONE] [#a6adc8/-/NONE][[#a6e3a1/-/NONE]||||||||||||||||[#f38ba8/-/NONE]|||||[#313244/-/NONE]                          [#a6adc8/-/NONE]][-/-/NONE] [#cdd6f4/-/NONE]44.6%
[#a6adc8/-/NONE]MEM[-/-/NONE] [#a6adc8/-/NONE][[#a6e3a1/-/NONE]|||||||[#89b4fa/-/NONE]|[#f9e2af/-/NONE]|||||||||[#313244/-/NONE]                        [#a6adc8/-/NONE]][-/-/NONE] [#cdd6f4/-/NONE]17.6G/91.0G
[#a6adc8/-/NONE]SWP[-/-/NONE] [#a6adc8/-/NONE][[#313244/-/NONE]                                         [#a6adc8/-/NONE]][-/-/NONE] [#cdd6f4/-/NONE]0.00K/16.0G
[#cdd6f4/-/NONE]638 pids, 2430 tasks; 4 running[#313244/-/NONE] · [#a6adc8/-/NONE]load [#cdd6f4/-/NONE]4.57 4.25 3.57[-/-/NONE]      
[#94e2d5/-/BOLD]CCD0[#313244/-/NONE]  [#a6adc8/-/NONE]4.9 GHz[#313244/-/NONE]  [#a6adc8/-/NONE]62.3 °C[-/-/NONE]       [#94e2d5/-/BOLD]CCD1[#313244/-/NONE]  [#a6adc8/-/NONE]5.4 GHz[#313244/-/NONE]  [#a6adc8/-/NONE]55.3 °C[-/-/NONE]        
[-/-/NONE]                                                           
[-/-/NONE]       [#f69e99/-/NONE]▂[-/-/NONE]          [#f5989e/-/NONE]▆[-/-/NONE]                                        
[-/-/NONE]    [#f7a495/-/NONE]▆[-/-/NONE]  [#f69e99/-/NONE]█[-/-/NONE] [#f7a495/-/NONE]▆[-/-/NONE]   [#f7a495/-/NONE]▆[-/-/NONE]  [#f7a296/-/NONE]▇[-/-/NONE] [#f5989e/-/NONE]█[#f7a693/-/NONE]▄[-/-/NONE]  [#f8a990/-/NONE]▂[-/-/NONE]                                    
[-/-/NONE] [#fab588/-/NONE]▁[-/-/NONE] [#f9ad8c/-/NONE]▇[#f7a495/-/NONE]█[-/-/NONE] [#f9ad8c/-/NONE]█[#f69e99/-/NONE]█[-/-/NONE] [#f7a495/-/NONE]█[#f9af8a/-/NONE]▆[-/-/NONE]  [#f7a495/-/NONE]█[-/-/NONE]  [#f7a296/-/NONE]█[-/-/NONE] [#f5989e/-/NONE]█[#f7a693/-/NONE]█[-/-/NONE] [#f9af8a/-/NONE]▅[#f8a990/-/NONE]█[-/-/NONE]                                    
[#fab78a/-/NONE]▇[#fab588/-/NONE]█[-/-/NONE] [#f9ad8c/-/NONE]█[#f7a495/-/NONE]█[-/-/NONE] [#f9ad8c/-/NONE]█[#f69e99/-/NONE]█[-/-/NONE] [#f7a495/-/NONE]█[#f9af8a/-/NONE]█[-/-/NONE] [#fac092/-/NONE]▂[#f7a495/-/NONE]█[-/-/NONE] [#fabe90/-/NONE]▄[#f7a296/-/NONE]█[-/-/NONE] [#f5989e/-/NONE]█[#f7a693/-/NONE]█[-/-/NONE] [#f9af8a/-/NONE]█[#f8a990/-/NONE]█[-/-/NONE]                                    
[#fab78a/-/NONE]█[#fab588/-/NONE]█[-/-/NONE] [#f9ad8c/-/NONE]█[#f7a495/-/NONE]█[-/-/NONE] [#f9ad8c/-/NONE]█[#f69e99/-/NONE]█[-/-/NONE] [#f7a495/-/NONE]█[#f9af8a/-/NONE]█[-/-/NONE] [#fac092/-/NONE]█[#f7a495/-/NONE]█[-/-/NONE] [#fabe90/-/NONE]█[#f7a296/-/NONE]█[-/-/NONE] [#f5989e/-/NONE]█[#f7a693/-/NONE]█[-/-/NONE] [#f9af8a/-/NONE]█[#f8a990/-/NONE]█[-/-/NONE]                                    
[#fab78a/-/NONE]█[#fab588/-/NONE]█[-/-/NONE] [#f9ad8c/-/NONE]█[#f7a495/-/NONE]█[-/-/NONE] [#f9ad8c/-/NONE]█[#f69e99/-/NONE]█[-/-/NONE] [#f7a495/-/NONE]█[#f9af8a/-/NONE]█[-/-/NONE] [#fac092/-/NONE]█[#f7a495/-/NONE]█[-/-/NONE] [#fabe90/-/NONE]█[#f7a296/-/NONE]█[-/-/NONE] [#f5989e/-/NONE]█[#f7a693/-/NONE]█[-/-/NONE] [#f9af8a/-/NONE]█[#f8a990/-/NONE]█[-/-/NONE]                                    
[#fab78a/-/NONE]█[#fab588/-/NONE]█[-/-/NONE] [#f9ad8c/-/NONE]█[#f7a495/-/NONE]█[-/-/NONE] [#f9ad8c/-/NONE]█[#f69e99/-/NONE]█[-/-/NONE] [#f7a495/-/NONE]█[#f9af8a/-/NONE]█[-/-/NONE] [#fac092/-/NONE]█[#f7a495/-/NONE]█[-/-/NONE] [#fabe90/-/NONE]█[#f7a296/-/NONE]█[-/-/NONE] [#f5989e/-/NONE]█[#f7a693/-/NONE]█[-/-/NONE] [#f9af8a/-/NONE]█[#f8a990/-/NONE]█[-/-/NONE]                     [#f5e2ae/-/NONE]▄[-/-/NONE]              
[#fab78a/-/NONE]█[#fab588/-/NONE]█[-/-/NONE] [#f9ad8c/-/NONE]█[#f7a495/-/NONE]█[-/-/NONE] [#f9ad8c/-/NONE]█[#f69e99/-/NONE]█[-/-/NONE] [#f7a495/-/NONE]█[#f9af8a/-/NONE]█[-/-/NONE] [#fac092/-/NONE]█[#f7a495/-/NONE]█[-/-/NONE] [#fabe90/-/NONE]█[#f7a296/-/NONE]█[-/-/NONE] [#f5989e/-/NONE]█[#f7a693/-/NONE]█[-/-/NONE] [#f9af8a/-/NONE]█[#f8a990/-/NONE]█[-/-/NONE]       [#dbe2a9/-/NONE]▂[-/-/NONE] [#dbe2a9/-/NONE]▂[-/-/NONE]     [#dfe2aa/-/NONE]▄[-/-/NONE]   [#dfe2aa/-/NONE]▄[-/-/NONE] [#f5e2ae/-/NONE]█[-/-/NONE]              
[#fab78a/-/NONE]█[#fab588/-/NONE]█[-/-/NONE] [#f9ad8c/-/NONE]█[#f7a495/-/NONE]█[-/-/NONE] [#f9ad8c/-/NONE]█[#f69e99/-/NONE]█[-/-/NONE] [#f7a495/-/NONE]█[#f9af8a/-/NONE]█[-/-/NONE] [#fac092/-/NONE]█[#f7a495/-/NONE]█[-/-/NONE] [#fabe90/-/NONE]█[#f7a296/-/NONE]█[-/-/NONE] [#f5989e/-/NONE]█[#f7a693/-/NONE]█[-/-/NONE] [#f9af8a/-/NONE]█[#f8a990/-/NONE]█[-/-/NONE]      [#c3e3a5/-/NONE]▂[#dbe2a9/-/NONE]█[-/-/NONE] [#dbe2a9/-/NONE]█[#cfe3a7/-/NONE]▅[-/-/NONE]  [#d3e3a8/-/NONE]█[-/-/NONE] [#dfe2aa/-/NONE]█[#cbe3a6/-/NONE]▄[-/-/NONE] [#cfe3a7/-/NONE]▇[#dfe2aa/-/NONE]█[-/-/NONE] [#f5e2ae/-/NONE]█[-/-/NONE]  [#d3e3a8/-/NONE]▇[#d7e2a8/-/NONE]█[-/-/NONE]          
[#fab78a/-/NONE]█[#fab588/-/NONE]█[-/-/NONE] [#f9ad8c/-/NONE]█[#f7a495/-/NONE]█[-/-/NONE] [#f9ad8c/-/NONE]█[#f69e99/-/NONE]█[-/-/NONE] [#f7a495/-/NONE]█[#f9af8a/-/NONE]█[-/-/NONE] [#fac092/-/NONE]█[#f7a495/-/NONE]█[-/-/NONE] [#fabe90/-/NONE]█[#f7a296/-/NONE]█[-/-/NONE] [#f5989e/-/NONE]█[#f7a693/-/NONE]█[-/-/NONE] [#f9af8a/-/NONE]█[#f8a990/-/NONE]█[-/-/NONE]      [#c3e3a5/-/NONE]█[#dbe2a9/-/NONE]█[-/-/NONE] [#dbe2a9/-/NONE]█[#cfe3a7/-/NONE]█[-/-/NONE] [#bfe3a4/-/NONE]█[#d3e3a8/-/NONE]█[-/-/NONE] [#dfe2aa/-/NONE]█[#cbe3a6/-/NONE]█[-/-/NONE] [#cfe3a7/-/NONE]█[#dfe2aa/-/NONE]█[-/-/NONE] [#f5e2ae/-/NONE]█[#bbe3a4/-/NONE]▇[-/-/NONE] [#d3e3a8/-/NONE]█[#d7e2a8/-/NONE]█[-/-/NONE] [#bfe3a4/-/NONE]█[#aee3a2/-/NONE]▂[-/-/NONE]       
[#a6adc8/-/NONE]0  1  2  3  4  5  6  7 [-/-/NONE]      [#a6adc8/-/NONE]8  9  10 11 12 13 14 15[-/-/NONE]       
[#a6adc8/-/NONE]PSI cpu [#cdd6f4/-/NONE]1.43[#313244/-/NONE] · [#a6adc8/-/NONE]mem [#cdd6f4/-/NONE]0.29[#313244/-/NONE] · [#a6adc8/-/NONE]io [#cdd6f4/-/NONE]1.18[-/-/NONE]
